2026-10-09 10:19:56,359 INFO __main__: Starting collector process...
2026-10-09 10:19:57,922 INFO __main__: Collector stopped.
2026-10-09 10:22:13,676 INFO __main__: Starting collector process...
2026-10-09 10:22:13,676 WARNING __main__: No InfluxDB config given, exit
2026-10-09 10:22:25,947 INFO __main__: Starting collector process...
2026-10-09 10:22:31,744 INFO __main__: Starting collector process...
2026-10-09 10:22:31,744 ERROR __main__: No InfluxDB config given, exit
2026-10-09 10:36:59,470 INFO __main__: Starting collector process...
2026-10-09 10:36:59,471 ERROR __main__: Error in metrics daemon: DevicePoint.__init__() missing 4 required keyword-only arguments: 'device', 'city', 'region', and 'country'
Traceback (most recent call last):
  File "/home/daehyung/Study/1.PROJECTS/MetricCollector/src/./main.py", line 134, in main
    points = collect_metrics(args.name)
             ^^^^^^^^^^^^^^^^^^^^^^^^^^
  File "/home/daehyung/Study/1.PROJECTS/MetricCollector/src/./main.py", line 27, in collect_metrics
    DevicePoint("cpu")
TypeError: DevicePoint.__init__() missing 4 required keyword-only arguments: 'device', 'city', 'region', and 'country'
2026-10-09 10:37:00,877 INFO __main__: Collector stopped.
2026-10-09 10:39:58,171 INFO __main__: Starting collector process...
2026-10-09 10:39:58,176 ERROR __main__: Error in metrics daemon: DevicePoint.__init__() takes 2 positional arguments but 5 were given
Traceback (most recent call last):
  File "/home/daehyung/Study/1.PROJECTS/MetricCollector/src/./main.py", line 134, in main
    points = collect_metrics(
             ^^^^^^^^^^^^^^^^
  File "/home/daehyung/Study/1.PROJECTS/MetricCollector/src/./main.py", line 27, in collect_metrics
    DevicePoint("cpu", city, region, country)
TypeError: DevicePoint.__init__() takes 2 positional arguments but 5 were given
2026-10-09 10:40:00,207 INFO __main__: Collector stopped.
2026-10-09 10:47:36,938 INFO __main__: Starting collector process...
2026-10-09 10:47:36,940 ERROR __main__: Error in metrics daemon: name 'Point' is not defined
Traceback (most recent call last):
  File "/home/daehyung/Study/1.PROJECTS/MetricCollector/src/./main.py", line 139, in main
    points = collect_metrics(args.name)
             ^^^^^^^^^^^^^^^^^^^^^^^^^^
  File "/home/daehyung/Study/1.PROJECTS/MetricCollector/src/./main.py", line 26, in collect_metrics
    Point("cpu")
    ^^^^^
NameError: name 'Point' is not defined. Did you mean: 'points'?
2026-10-09 10:47:38,453 INFO __main__: Collector stopped.
2026-10-09 10:48:33,478 INFO __main__: Starting collector process...
2026-10-09 10:48:33,480 ERROR __main__: Error in metrics daemon: name 'Point' is not defined
Traceback (most recent call last):
  File "/home/daehyung/Study/1.PROJECTS/MetricCollector/src/./main.py", line 139, in main
    points = collect_metrics()
             ^^^^^^^^^^^^^^^^^
  File "/home/daehyung/Study/1.PROJECTS/MetricCollector/src/./main.py", line 26, in collect_metrics
    Point("cpu")
    ^^^^^
NameError: name 'Point' is not defined. Did you mean: 'points'?
2026-10-09 10:48:35,180 INFO __main__: Collector stopped.
2026-10-09 10:48:55,158 INFO __main__: Starting collector process...
2026-10-09 10:49:32,994 INFO __main__: Collector stopped.
2026-10-09 11:02:22,340 INFO __main__: Starting collector process...
2026-10-09 11:02:22,340 ERROR __main__: No InfluxDB config given, exit the program.
2026-10-09 11:02:26,946 INFO __main__: Starting collector process...
2026-10-09 13:25:33,551 INFO __main__: Collector stopped.
2026-10-09 13:46:56,638 INFO __main__: Starting collector process...
2026-10-09 13:46:56,638 ERROR __main__: No InfluxDB config given, exit the program.
2026-10-09 13:47:03,623 INFO __main__: Starting collector process...
2026-10-09 15:28:27,584 INFO __main__: Collector stopped.
2026-10-09 15:47:17,131 INFO __main__: Starting collector process...
2026-10-09 15:59:12,114 ERROR __main__: Error in metrics daemon: HTTPConnection(host='127.0.0.1', port=8181): Failed to establish a new connection: [Errno 111] Connection refused
Traceback (most recent call last):
  File "/home/daehyung/.local/share/virtualenvs/MetricCollector-H3u2PS46/lib/python3.12/site-packages/urllib3/connection.py", line 239, in _new_conn
    sock = connection.create_connection(
           ^^^^^^^^^^^^^^^^^^^^^^^^^^^^^
  File "/home/daehyung/.local/share/virtualenvs/MetricCollector-H3u2PS46/lib/python3.12/site-packages/urllib3/util/connection.py", line 85, in create_connection
    raise err
  File "/home/daehyung/.local/share/virtualenvs/MetricCollector-H3u2PS46/lib/python3.12/site-packages/urllib3/util/connection.py", line 73, in create_connection
    sock.connect(sa)
ConnectionRefusedError: [Errno 111] Connection refused

The above exception was the direct cause of the following exception:

Traceback (most recent call last):
  File "/home/daehyung/Study/1.PROJECTS/MetricCollector/src/main.py", line 142, in main
    client.write(points)
  File "/home/daehyung/.local/share/virtualenvs/MetricCollector-H3u2PS46/lib/python3.12/site-packages/influxdb_client_3/__init__.py", line 487, in write
    return self._write_api.write(bucket=database, record=record, **kwargs)
           ^^^^^^^^^^^^^^^^^^^^^^^^^^^^^^^^^^^^^^^^^^^^^^^^^^^^^^^^^^^^^^^
  File "/home/daehyung/.local/share/virtualenvs/MetricCollector-H3u2PS46/lib/python3.12/site-packages/influxdb_client_3/write_client/client/write_api.py", line 430, in write
    results = list(map(write_payload, payloads.items()))
              ^^^^^^^^^^^^^^^^^^^^^^^^^^^^^^^^^^^^^^^^^^
  File "/home/daehyung/.local/share/virtualenvs/MetricCollector-H3u2PS46/lib/python3.12/site-packages/influxdb_client_3/write_client/client/write_api.py", line 427, in write_payload
    return self._post_write(_async_req, bucket, org, final_string, payload[0], no_sync,
           ^^^^^^^^^^^^^^^^^^^^^^^^^^^^^^^^^^^^^^^^^^^^^^^^^^^^^^^^^^^^^^^^^^^^^^^^^^^^
  File "/home/daehyung/.local/share/virtualenvs/MetricCollector-H3u2PS46/lib/python3.12/site-packages/influxdb_client_3/write_client/client/write_api.py", line 705, in _post_write
    result = self.call_api(
             ^^^^^^^^^^^^^^
  File "/home/daehyung/.local/share/virtualenvs/MetricCollector-H3u2PS46/lib/python3.12/site-packages/influxdb_client_3/write_client/client/write_api.py", line 513, in call_api
    return self._call_api(resource_path, method,
           ^^^^^^^^^^^^^^^^^^^^^^^^^^^^^^^^^^^^^
  File "/home/daehyung/.local/share/virtualenvs/MetricCollector-H3u2PS46/lib/python3.12/site-packages/influxdb_client_3/write_client/client/write_api.py", line 762, in _call_api
    response_data = self.rest_client.request(
                    ^^^^^^^^^^^^^^^^^^^^^^^^^
  File "/home/daehyung/.local/share/virtualenvs/MetricCollector-H3u2PS46/lib/python3.12/site-packages/influxdb_client_3/write_client/_sync/rest_client.py", line 166, in request
    r = self.pool_manager.request(
        ^^^^^^^^^^^^^^^^^^^^^^^^^^
  File "/home/daehyung/.local/share/virtualenvs/MetricCollector-H3u2PS46/lib/python3.12/site-packages/urllib3/_request_methods.py", line 143, in request
    return self.request_encode_body(
           ^^^^^^^^^^^^^^^^^^^^^^^^^
  File "/home/daehyung/.local/share/virtualenvs/MetricCollector-H3u2PS46/lib/python3.12/site-packages/urllib3/_request_methods.py", line 278, in request_encode_body
    return self.urlopen(method, url, **extra_kw)
           ^^^^^^^^^^^^^^^^^^^^^^^^^^^^^^^^^^^^^
  File "/home/daehyung/.local/share/virtualenvs/MetricCollector-H3u2PS46/lib/python3.12/site-packages/urllib3/poolmanager.py", line 459, in urlopen
    response = conn.urlopen(method, u.request_uri, **kw)
               ^^^^^^^^^^^^^^^^^^^^^^^^^^^^^^^^^^^^^^^^^
  File "/home/daehyung/.local/share/virtualenvs/MetricCollector-H3u2PS46/lib/python3.12/site-packages/urllib3/connectionpool.py", line 847, in urlopen
    retries = retries.increment(
              ^^^^^^^^^^^^^^^^^^
  File "/home/daehyung/.local/share/virtualenvs/MetricCollector-H3u2PS46/lib/python3.12/site-packages/urllib3/util/retry.py", line 485, in increment
    raise reraise(type(error), error, _stacktrace)
          ^^^^^^^^^^^^^^^^^^^^^^^^^^^^^^^^^^^^^^^^
  File "/home/daehyung/.local/share/virtualenvs/MetricCollector-H3u2PS46/lib/python3.12/site-packages/urllib3/util/util.py", line 39, in reraise
    raise value
  File "/home/daehyung/.local/share/virtualenvs/MetricCollector-H3u2PS46/lib/python3.12/site-packages/urllib3/connectionpool.py", line 793, in urlopen
    response = self._make_request(
               ^^^^^^^^^^^^^^^^^^^
  File "/home/daehyung/.local/share/virtualenvs/MetricCollector-H3u2PS46/lib/python3.12/site-packages/urllib3/connectionpool.py", line 499, in _make_request
    conn.request(
  File "/home/daehyung/.local/share/virtualenvs/MetricCollector-H3u2PS46/lib/python3.12/site-packages/urllib3/connection.py", line 567, in request
    self.endheaders()
  File "/home/daehyung/.local/share/mise/installs/python/3.12.12/lib/python3.12/http/client.py", line 1333, in endheaders
    self._send_output(message_body, encode_chunked=encode_chunked)
  File "/home/daehyung/.local/share/mise/installs/python/3.12.12/lib/python3.12/http/client.py", line 1093, in _send_output
    self.send(msg)
  File "/home/daehyung/.local/share/mise/installs/python/3.12.12/lib/python3.12/http/client.py", line 1037, in send
    self.connect()
  File "/home/daehyung/.local/share/virtualenvs/MetricCollector-H3u2PS46/lib/python3.12/site-packages/urllib3/connection.py", line 398, in connect
    self.sock = self._new_conn()
                ^^^^^^^^^^^^^^^^
  File "/home/daehyung/.local/share/virtualenvs/MetricCollector-H3u2PS46/lib/python3.12/site-packages/urllib3/connection.py", line 254, in _new_conn
    raise NewConnectionError(
urllib3.exceptions.NewConnectionError: HTTPConnection(host='127.0.0.1', port=8181): Failed to establish a new connection: [Errno 111] Connection refused
2026-10-09 15:59:22,143 ERROR __main__: Error in metrics daemon: HTTPConnection(host='127.0.0.1', port=8181): Failed to establish a new connection: [Errno 111] Connection refused
Traceback (most recent call last):
  File "/home/daehyung/.local/share/virtualenvs/MetricCollector-H3u2PS46/lib/python3.12/site-packages/urllib3/connection.py", line 239, in _new_conn
    sock = connection.create_connection(
           ^^^^^^^^^^^^^^^^^^^^^^^^^^^^^
  File "/home/daehyung/.local/share/virtualenvs/MetricCollector-H3u2PS46/lib/python3.12/site-packages/urllib3/util/connection.py", line 85, in create_connection
    raise err
  File "/home/daehyung/.local/share/virtualenvs/MetricCollector-H3u2PS46/lib/python3.12/site-packages/urllib3/util/connection.py", line 73, in create_connection
    sock.connect(sa)
ConnectionRefusedError: [Errno 111] Connection refused

The above exception was the direct cause of the following exception:

Traceback (most recent call last):
  File "/home/daehyung/Study/1.PROJECTS/MetricCollector/src/main.py", line 142, in main
    client.write(points)
  File "/home/daehyung/.local/share/virtualenvs/MetricCollector-H3u2PS46/lib/python3.12/site-packages/influxdb_client_3/__init__.py", line 487, in write
    return self._write_api.write(bucket=database, record=record, **kwargs)
           ^^^^^^^^^^^^^^^^^^^^^^^^^^^^^^^^^^^^^^^^^^^^^^^^^^^^^^^^^^^^^^^
  File "/home/daehyung/.local/share/virtualenvs/MetricCollector-H3u2PS46/lib/python3.12/site-packages/influxdb_client_3/write_client/client/write_api.py", line 430, in write
    results = list(map(write_payload, payloads.items()))
              ^^^^^^^^^^^^^^^^^^^^^^^^^^^^^^^^^^^^^^^^^^
  File "/home/daehyung/.local/share/virtualenvs/MetricCollector-H3u2PS46/lib/python3.12/site-packages/influxdb_client_3/write_client/client/write_api.py", line 427, in write_payload
    return self._post_write(_async_req, bucket, org, final_string, payload[0], no_sync,
           ^^^^^^^^^^^^^^^^^^^^^^^^^^^^^^^^^^^^^^^^^^^^^^^^^^^^^^^^^^^^^^^^^^^^^^^^^^^^
  File "/home/daehyung/.local/share/virtualenvs/MetricCollector-H3u2PS46/lib/python3.12/site-packages/influxdb_client_3/write_client/client/write_api.py", line 705, in _post_write
    result = self.call_api(
             ^^^^^^^^^^^^^^
  File "/home/daehyung/.local/share/virtualenvs/MetricCollector-H3u2PS46/lib/python3.12/site-packages/influxdb_client_3/write_client/client/write_api.py", line 513, in call_api
    return self._call_api(resource_path, method,
           ^^^^^^^^^^^^^^^^^^^^^^^^^^^^^^^^^^^^^
  File "/home/daehyung/.local/share/virtualenvs/MetricCollector-H3u2PS46/lib/python3.12/site-packages/influxdb_client_3/write_client/client/write_api.py", line 762, in _call_api
    response_data = self.rest_client.request(
                    ^^^^^^^^^^^^^^^^^^^^^^^^^
  File "/home/daehyung/.local/share/virtualenvs/MetricCollector-H3u2PS46/lib/python3.12/site-packages/influxdb_client_3/write_client/_sync/rest_client.py", line 166, in request
    r = self.pool_manager.request(
        ^^^^^^^^^^^^^^^^^^^^^^^^^^
  File "/home/daehyung/.local/share/virtualenvs/MetricCollector-H3u2PS46/lib/python3.12/site-packages/urllib3/_request_methods.py", line 143, in request
    return self.request_encode_body(
           ^^^^^^^^^^^^^^^^^^^^^^^^^
  File "/home/daehyung/.local/share/virtualenvs/MetricCollector-H3u2PS46/lib/python3.12/site-packages/urllib3/_request_methods.py", line 278, in request_encode_body
    return self.urlopen(method, url, **extra_kw)
           ^^^^^^^^^^^^^^^^^^^^^^^^^^^^^^^^^^^^^
  File "/home/daehyung/.local/share/virtualenvs/MetricCollector-H3u2PS46/lib/python3.12/site-packages/urllib3/poolmanager.py", line 459, in urlopen
    response = conn.urlopen(method, u.request_uri, **kw)
               ^^^^^^^^^^^^^^^^^^^^^^^^^^^^^^^^^^^^^^^^^
  File "/home/daehyung/.local/share/virtualenvs/MetricCollector-H3u2PS46/lib/python3.12/site-packages/urllib3/connectionpool.py", line 847, in urlopen
    retries = retries.increment(
              ^^^^^^^^^^^^^^^^^^
  File "/home/daehyung/.local/share/virtualenvs/MetricCollector-H3u2PS46/lib/python3.12/site-packages/urllib3/util/retry.py", line 485, in increment
    raise reraise(type(error), error, _stacktrace)
          ^^^^^^^^^^^^^^^^^^^^^^^^^^^^^^^^^^^^^^^^
  File "/home/daehyung/.local/share/virtualenvs/MetricCollector-H3u2PS46/lib/python3.12/site-packages/urllib3/util/util.py", line 39, in reraise
    raise value
  File "/home/daehyung/.local/share/virtualenvs/MetricCollector-H3u2PS46/lib/python3.12/site-packages/urllib3/connectionpool.py", line 793, in urlopen
    response = self._make_request(
               ^^^^^^^^^^^^^^^^^^^
  File "/home/daehyung/.local/share/virtualenvs/MetricCollector-H3u2PS46/lib/python3.12/site-packages/urllib3/connectionpool.py", line 499, in _make_request
    conn.request(
  File "/home/daehyung/.local/share/virtualenvs/MetricCollector-H3u2PS46/lib/python3.12/site-packages/urllib3/connection.py", line 567, in request
    self.endheaders()
  File "/home/daehyung/.local/share/mise/installs/python/3.12.12/lib/python3.12/http/client.py", line 1333, in endheaders
    self._send_output(message_body, encode_chunked=encode_chunked)
  File "/home/daehyung/.local/share/mise/installs/python/3.12.12/lib/python3.12/http/client.py", line 1093, in _send_output
    self.send(msg)
  File "/home/daehyung/.local/share/mise/installs/python/3.12.12/lib/python3.12/http/client.py", line 1037, in send
    self.connect()
  File "/home/daehyung/.local/share/virtualenvs/MetricCollector-H3u2PS46/lib/python3.12/site-packages/urllib3/connection.py", line 398, in connect
    self.sock = self._new_conn()
                ^^^^^^^^^^^^^^^^
  File "/home/daehyung/.local/share/virtualenvs/MetricCollector-H3u2PS46/lib/python3.12/site-packages/urllib3/connection.py", line 254, in _new_conn
    raise NewConnectionError(
urllib3.exceptions.NewConnectionError: HTTPConnection(host='127.0.0.1', port=8181): Failed to establish a new connection: [Errno 111] Connection refused
2026-10-09 15:59:32,158 ERROR __main__: Error in metrics daemon: HTTPConnection(host='127.0.0.1', port=8181): Failed to establish a new connection: [Errno 111] Connection refused
Traceback (most recent call last):
  File "/home/daehyung/.local/share/virtualenvs/MetricCollector-H3u2PS46/lib/python3.12/site-packages/urllib3/connection.py", line 239, in _new_conn
    sock = connection.create_connection(
           ^^^^^^^^^^^^^^^^^^^^^^^^^^^^^
  File "/home/daehyung/.local/share/virtualenvs/MetricCollector-H3u2PS46/lib/python3.12/site-packages/urllib3/util/connection.py", line 85, in create_connection
    raise err
  File "/home/daehyung/.local/share/virtualenvs/MetricCollector-H3u2PS46/lib/python3.12/site-packages/urllib3/util/connection.py", line 73, in create_connection
    sock.connect(sa)
ConnectionRefusedError: [Errno 111] Connection refused

The above exception was the direct cause of the following exception:

Traceback (most recent call last):
  File "/home/daehyung/Study/1.PROJECTS/MetricCollector/src/main.py", line 142, in main
    client.write(points)
  File "/home/daehyung/.local/share/virtualenvs/MetricCollector-H3u2PS46/lib/python3.12/site-packages/influxdb_client_3/__init__.py", line 487, in write
    return self._write_api.write(bucket=database, record=record, **kwargs)
           ^^^^^^^^^^^^^^^^^^^^^^^^^^^^^^^^^^^^^^^^^^^^^^^^^^^^^^^^^^^^^^^
  File "/home/daehyung/.local/share/virtualenvs/MetricCollector-H3u2PS46/lib/python3.12/site-packages/influxdb_client_3/write_client/client/write_api.py", line 430, in write
    results = list(map(write_payload, payloads.items()))
              ^^^^^^^^^^^^^^^^^^^^^^^^^^^^^^^^^^^^^^^^^^
  File "/home/daehyung/.local/share/virtualenvs/MetricCollector-H3u2PS46/lib/python3.12/site-packages/influxdb_client_3/write_client/client/write_api.py", line 427, in write_payload
    return self._post_write(_async_req, bucket, org, final_string, payload[0], no_sync,
           ^^^^^^^^^^^^^^^^^^^^^^^^^^^^^^^^^^^^^^^^^^^^^^^^^^^^^^^^^^^^^^^^^^^^^^^^^^^^
  File "/home/daehyung/.local/share/virtualenvs/MetricCollector-H3u2PS46/lib/python3.12/site-packages/influxdb_client_3/write_client/client/write_api.py", line 705, in _post_write
    result = self.call_api(
             ^^^^^^^^^^^^^^
  File "/home/daehyung/.local/share/virtualenvs/MetricCollector-H3u2PS46/lib/python3.12/site-packages/influxdb_client_3/write_client/client/write_api.py", line 513, in call_api
    return self._call_api(resource_path, method,
           ^^^^^^^^^^^^^^^^^^^^^^^^^^^^^^^^^^^^^
  File "/home/daehyung/.local/share/virtualenvs/MetricCollector-H3u2PS46/lib/python3.12/site-packages/influxdb_client_3/write_client/client/write_api.py", line 762, in _call_api
    response_data = self.rest_client.request(
                    ^^^^^^^^^^^^^^^^^^^^^^^^^
  File "/home/daehyung/.local/share/virtualenvs/MetricCollector-H3u2PS46/lib/python3.12/site-packages/influxdb_client_3/write_client/_sync/rest_client.py", line 166, in request
    r = self.pool_manager.request(
        ^^^^^^^^^^^^^^^^^^^^^^^^^^
  File "/home/daehyung/.local/share/virtualenvs/MetricCollector-H3u2PS46/lib/python3.12/site-packages/urllib3/_request_methods.py", line 143, in request
    return self.request_encode_body(
           ^^^^^^^^^^^^^^^^^^^^^^^^^
  File "/home/daehyung/.local/share/virtualenvs/MetricCollector-H3u2PS46/lib/python3.12/site-packages/urllib3/_request_methods.py", line 278, in request_encode_body
    return self.urlopen(method, url, **extra_kw)
           ^^^^^^^^^^^^^^^^^^^^^^^^^^^^^^^^^^^^^
  File "/home/daehyung/.local/share/virtualenvs/MetricCollector-H3u2PS46/lib/python3.12/site-packages/urllib3/poolmanager.py", line 459, in urlopen
    response = conn.urlopen(method, u.request_uri, **kw)
               ^^^^^^^^^^^^^^^^^^^^^^^^^^^^^^^^^^^^^^^^^
  File "/home/daehyung/.local/share/virtualenvs/MetricCollector-H3u2PS46/lib/python3.12/site-packages/urllib3/connectionpool.py", line 847, in urlopen
    retries = retries.increment(
              ^^^^^^^^^^^^^^^^^^
  File "/home/daehyung/.local/share/virtualenvs/MetricCollector-H3u2PS46/lib/python3.12/site-packages/urllib3/util/retry.py", line 485, in increment
    raise reraise(type(error), error, _stacktrace)
          ^^^^^^^^^^^^^^^^^^^^^^^^^^^^^^^^^^^^^^^^
  File "/home/daehyung/.local/share/virtualenvs/MetricCollector-H3u2PS46/lib/python3.12/site-packages/urllib3/util/util.py", line 39, in reraise
    raise value
  File "/home/daehyung/.local/share/virtualenvs/MetricCollector-H3u2PS46/lib/python3.12/site-packages/urllib3/connectionpool.py", line 793, in urlopen
    response = self._make_request(
               ^^^^^^^^^^^^^^^^^^^
  File "/home/daehyung/.local/share/virtualenvs/MetricCollector-H3u2PS46/lib/python3.12/site-packages/urllib3/connectionpool.py", line 499, in _make_request
    conn.request(
  File "/home/daehyung/.local/share/virtualenvs/MetricCollector-H3u2PS46/lib/python3.12/site-packages/urllib3/connection.py", line 567, in request
    self.endheaders()
  File "/home/daehyung/.local/share/mise/installs/python/3.12.12/lib/python3.12/http/client.py", line 1333, in endheaders
    self._send_output(message_body, encode_chunked=encode_chunked)
  File "/home/daehyung/.local/share/mise/installs/python/3.12.12/lib/python3.12/http/client.py", line 1093, in _send_output
    self.send(msg)
  File "/home/daehyung/.local/share/mise/installs/python/3.12.12/lib/python3.12/http/client.py", line 1037, in send
    self.connect()
  File "/home/daehyung/.local/share/virtualenvs/MetricCollector-H3u2PS46/lib/python3.12/site-packages/urllib3/connection.py", line 398, in connect
    self.sock = self._new_conn()
                ^^^^^^^^^^^^^^^^
  File "/home/daehyung/.local/share/virtualenvs/MetricCollector-H3u2PS46/lib/python3.12/site-packages/urllib3/connection.py", line 254, in _new_conn
    raise NewConnectionError(
urllib3.exceptions.NewConnectionError: HTTPConnection(host='127.0.0.1', port=8181): Failed to establish a new connection: [Errno 111] Connection refused
2026-10-09 15:59:42,173 ERROR __main__: Error in metrics daemon: HTTPConnection(host='127.0.0.1', port=8181): Failed to establish a new connection: [Errno 111] Connection refused
Traceback (most recent call last):
  File "/home/daehyung/.local/share/virtualenvs/MetricCollector-H3u2PS46/lib/python3.12/site-packages/urllib3/connection.py", line 239, in _new_conn
    sock = connection.create_connection(
           ^^^^^^^^^^^^^^^^^^^^^^^^^^^^^
  File "/home/daehyung/.local/share/virtualenvs/MetricCollector-H3u2PS46/lib/python3.12/site-packages/urllib3/util/connection.py", line 85, in create_connection
    raise err
  File "/home/daehyung/.local/share/virtualenvs/MetricCollector-H3u2PS46/lib/python3.12/site-packages/urllib3/util/connection.py", line 73, in create_connection
    sock.connect(sa)
ConnectionRefusedError: [Errno 111] Connection refused

The above exception was the direct cause of the following exception:

Traceback (most recent call last):
  File "/home/daehyung/Study/1.PROJECTS/MetricCollector/src/main.py", line 142, in main
    client.write(points)
  File "/home/daehyung/.local/share/virtualenvs/MetricCollector-H3u2PS46/lib/python3.12/site-packages/influxdb_client_3/__init__.py", line 487, in write
    return self._write_api.write(bucket=database, record=record, **kwargs)
           ^^^^^^^^^^^^^^^^^^^^^^^^^^^^^^^^^^^^^^^^^^^^^^^^^^^^^^^^^^^^^^^
  File "/home/daehyung/.local/share/virtualenvs/MetricCollector-H3u2PS46/lib/python3.12/site-packages/influxdb_client_3/write_client/client/write_api.py", line 430, in write
    results = list(map(write_payload, payloads.items()))
              ^^^^^^^^^^^^^^^^^^^^^^^^^^^^^^^^^^^^^^^^^^
  File "/home/daehyung/.local/share/virtualenvs/MetricCollector-H3u2PS46/lib/python3.12/site-packages/influxdb_client_3/write_client/client/write_api.py", line 427, in write_payload
    return self._post_write(_async_req, bucket, org, final_string, payload[0], no_sync,
           ^^^^^^^^^^^^^^^^^^^^^^^^^^^^^^^^^^^^^^^^^^^^^^^^^^^^^^^^^^^^^^^^^^^^^^^^^^^^
  File "/home/daehyung/.local/share/virtualenvs/MetricCollector-H3u2PS46/lib/python3.12/site-packages/influxdb_client_3/write_client/client/write_api.py", line 705, in _post_write
    result = self.call_api(
             ^^^^^^^^^^^^^^
  File "/home/daehyung/.local/share/virtualenvs/MetricCollector-H3u2PS46/lib/python3.12/site-packages/influxdb_client_3/write_client/client/write_api.py", line 513, in call_api
    return self._call_api(resource_path, method,
           ^^^^^^^^^^^^^^^^^^^^^^^^^^^^^^^^^^^^^
  File "/home/daehyung/.local/share/virtualenvs/MetricCollector-H3u2PS46/lib/python3.12/site-packages/influxdb_client_3/write_client/client/write_api.py", line 762, in _call_api
    response_data = self.rest_client.request(
                    ^^^^^^^^^^^^^^^^^^^^^^^^^
  File "/home/daehyung/.local/share/virtualenvs/MetricCollector-H3u2PS46/lib/python3.12/site-packages/influxdb_client_3/write_client/_sync/rest_client.py", line 166, in request
    r = self.pool_manager.request(
        ^^^^^^^^^^^^^^^^^^^^^^^^^^
  File "/home/daehyung/.local/share/virtualenvs/MetricCollector-H3u2PS46/lib/python3.12/site-packages/urllib3/_request_methods.py", line 143, in request
    return self.request_encode_body(
           ^^^^^^^^^^^^^^^^^^^^^^^^^
  File "/home/daehyung/.local/share/virtualenvs/MetricCollector-H3u2PS46/lib/python3.12/site-packages/urllib3/_request_methods.py", line 278, in request_encode_body
    return self.urlopen(method, url, **extra_kw)
           ^^^^^^^^^^^^^^^^^^^^^^^^^^^^^^^^^^^^^
  File "/home/daehyung/.local/share/virtualenvs/MetricCollector-H3u2PS46/lib/python3.12/site-packages/urllib3/poolmanager.py", line 459, in urlopen
    response = conn.urlopen(method, u.request_uri, **kw)
               ^^^^^^^^^^^^^^^^^^^^^^^^^^^^^^^^^^^^^^^^^
  File "/home/daehyung/.local/share/virtualenvs/MetricCollector-H3u2PS46/lib/python3.12/site-packages/urllib3/connectionpool.py", line 847, in urlopen
    retries = retries.increment(
              ^^^^^^^^^^^^^^^^^^
  File "/home/daehyung/.local/share/virtualenvs/MetricCollector-H3u2PS46/lib/python3.12/site-packages/urllib3/util/retry.py", line 485, in increment
    raise reraise(type(error), error, _stacktrace)
          ^^^^^^^^^^^^^^^^^^^^^^^^^^^^^^^^^^^^^^^^
  File "/home/daehyung/.local/share/virtualenvs/MetricCollector-H3u2PS46/lib/python3.12/site-packages/urllib3/util/util.py", line 39, in reraise
    raise value
  File "/home/daehyung/.local/share/virtualenvs/MetricCollector-H3u2PS46/lib/python3.12/site-packages/urllib3/connectionpool.py", line 793, in urlopen
    response = self._make_request(
               ^^^^^^^^^^^^^^^^^^^
  File "/home/daehyung/.local/share/virtualenvs/MetricCollector-H3u2PS46/lib/python3.12/site-packages/urllib3/connectionpool.py", line 499, in _make_request
    conn.request(
  File "/home/daehyung/.local/share/virtualenvs/MetricCollector-H3u2PS46/lib/python3.12/site-packages/urllib3/connection.py", line 567, in request
    self.endheaders()
  File "/home/daehyung/.local/share/mise/installs/python/3.12.12/lib/python3.12/http/client.py", line 1333, in endheaders
    self._send_output(message_body, encode_chunked=encode_chunked)
  File "/home/daehyung/.local/share/mise/installs/python/3.12.12/lib/python3.12/http/client.py", line 1093, in _send_output
    self.send(msg)
  File "/home/daehyung/.local/share/mise/installs/python/3.12.12/lib/python3.12/http/client.py", line 1037, in send
    self.connect()
  File "/home/daehyung/.local/share/virtualenvs/MetricCollector-H3u2PS46/lib/python3.12/site-packages/urllib3/connection.py", line 398, in connect
    self.sock = self._new_conn()
                ^^^^^^^^^^^^^^^^
  File "/home/daehyung/.local/share/virtualenvs/MetricCollector-H3u2PS46/lib/python3.12/site-packages/urllib3/connection.py", line 254, in _new_conn
    raise NewConnectionError(
urllib3.exceptions.NewConnectionError: HTTPConnection(host='127.0.0.1', port=8181): Failed to establish a new connection: [Errno 111] Connection refused
2026-10-09 15:59:52,188 ERROR __main__: Error in metrics daemon: HTTPConnection(host='127.0.0.1', port=8181): Failed to establish a new connection: [Errno 111] Connection refused
Traceback (most recent call last):
  File "/home/daehyung/.local/share/virtualenvs/MetricCollector-H3u2PS46/lib/python3.12/site-packages/urllib3/connection.py", line 239, in _new_conn
    sock = connection.create_connection(
           ^^^^^^^^^^^^^^^^^^^^^^^^^^^^^
  File "/home/daehyung/.local/share/virtualenvs/MetricCollector-H3u2PS46/lib/python3.12/site-packages/urllib3/util/connection.py", line 85, in create_connection
    raise err
  File "/home/daehyung/.local/share/virtualenvs/MetricCollector-H3u2PS46/lib/python3.12/site-packages/urllib3/util/connection.py", line 73, in create_connection
    sock.connect(sa)
ConnectionRefusedError: [Errno 111] Connection refused

The above exception was the direct cause of the following exception:

Traceback (most recent call last):
  File "/home/daehyung/Study/1.PROJECTS/MetricCollector/src/main.py", line 142, in main
    client.write(points)
  File "/home/daehyung/.local/share/virtualenvs/MetricCollector-H3u2PS46/lib/python3.12/site-packages/influxdb_client_3/__init__.py", line 487, in write
    return self._write_api.write(bucket=database, record=record, **kwargs)
           ^^^^^^^^^^^^^^^^^^^^^^^^^^^^^^^^^^^^^^^^^^^^^^^^^^^^^^^^^^^^^^^
  File "/home/daehyung/.local/share/virtualenvs/MetricCollector-H3u2PS46/lib/python3.12/site-packages/influxdb_client_3/write_client/client/write_api.py", line 430, in write
    results = list(map(write_payload, payloads.items()))
              ^^^^^^^^^^^^^^^^^^^^^^^^^^^^^^^^^^^^^^^^^^
  File "/home/daehyung/.local/share/virtualenvs/MetricCollector-H3u2PS46/lib/python3.12/site-packages/influxdb_client_3/write_client/client/write_api.py", line 427, in write_payload
    return self._post_write(_async_req, bucket, org, final_string, payload[0], no_sync,
           ^^^^^^^^^^^^^^^^^^^^^^^^^^^^^^^^^^^^^^^^^^^^^^^^^^^^^^^^^^^^^^^^^^^^^^^^^^^^
  File "/home/daehyung/.local/share/virtualenvs/MetricCollector-H3u2PS46/lib/python3.12/site-packages/influxdb_client_3/write_client/client/write_api.py", line 705, in _post_write
    result = self.call_api(
             ^^^^^^^^^^^^^^
  File "/home/daehyung/.local/share/virtualenvs/MetricCollector-H3u2PS46/lib/python3.12/site-packages/influxdb_client_3/write_client/client/write_api.py", line 513, in call_api
    return self._call_api(resource_path, method,
           ^^^^^^^^^^^^^^^^^^^^^^^^^^^^^^^^^^^^^
  File "/home/daehyung/.local/share/virtualenvs/MetricCollector-H3u2PS46/lib/python3.12/site-packages/influxdb_client_3/write_client/client/write_api.py", line 762, in _call_api
    response_data = self.rest_client.request(
                    ^^^^^^^^^^^^^^^^^^^^^^^^^
  File "/home/daehyung/.local/share/virtualenvs/MetricCollector-H3u2PS46/lib/python3.12/site-packages/influxdb_client_3/write_client/_sync/rest_client.py", line 166, in request
    r = self.pool_manager.request(
        ^^^^^^^^^^^^^^^^^^^^^^^^^^
  File "/home/daehyung/.local/share/virtualenvs/MetricCollector-H3u2PS46/lib/python3.12/site-packages/urllib3/_request_methods.py", line 143, in request
    return self.request_encode_body(
           ^^^^^^^^^^^^^^^^^^^^^^^^^
  File "/home/daehyung/.local/share/virtualenvs/MetricCollector-H3u2PS46/lib/python3.12/site-packages/urllib3/_request_methods.py", line 278, in request_encode_body
    return self.urlopen(method, url, **extra_kw)
           ^^^^^^^^^^^^^^^^^^^^^^^^^^^^^^^^^^^^^
  File "/home/daehyung/.local/share/virtualenvs/MetricCollector-H3u2PS46/lib/python3.12/site-packages/urllib3/poolmanager.py", line 459, in urlopen
    response = conn.urlopen(method, u.request_uri, **kw)
               ^^^^^^^^^^^^^^^^^^^^^^^^^^^^^^^^^^^^^^^^^
  File "/home/daehyung/.local/share/virtualenvs/MetricCollector-H3u2PS46/lib/python3.12/site-packages/urllib3/connectionpool.py", line 847, in urlopen
    retries = retries.increment(
              ^^^^^^^^^^^^^^^^^^
  File "/home/daehyung/.local/share/virtualenvs/MetricCollector-H3u2PS46/lib/python3.12/site-packages/urllib3/util/retry.py", line 485, in increment
    raise reraise(type(error), error, _stacktrace)
          ^^^^^^^^^^^^^^^^^^^^^^^^^^^^^^^^^^^^^^^^
  File "/home/daehyung/.local/share/virtualenvs/MetricCollector-H3u2PS46/lib/python3.12/site-packages/urllib3/util/util.py", line 39, in reraise
    raise value
  File "/home/daehyung/.local/share/virtualenvs/MetricCollector-H3u2PS46/lib/python3.12/site-packages/urllib3/connectionpool.py", line 793, in urlopen
    response = self._make_request(
               ^^^^^^^^^^^^^^^^^^^
  File "/home/daehyung/.local/share/virtualenvs/MetricCollector-H3u2PS46/lib/python3.12/site-packages/urllib3/connectionpool.py", line 499, in _make_request
    conn.request(
  File "/home/daehyung/.local/share/virtualenvs/MetricCollector-H3u2PS46/lib/python3.12/site-packages/urllib3/connection.py", line 567, in request
    self.endheaders()
  File "/home/daehyung/.local/share/mise/installs/python/3.12.12/lib/python3.12/http/client.py", line 1333, in endheaders
    self._send_output(message_body, encode_chunked=encode_chunked)
  File "/home/daehyung/.local/share/mise/installs/python/3.12.12/lib/python3.12/http/client.py", line 1093, in _send_output
    self.send(msg)
  File "/home/daehyung/.local/share/mise/installs/python/3.12.12/lib/python3.12/http/client.py", line 1037, in send
    self.connect()
  File "/home/daehyung/.local/share/virtualenvs/MetricCollector-H3u2PS46/lib/python3.12/site-packages/urllib3/connection.py", line 398, in connect
    self.sock = self._new_conn()
                ^^^^^^^^^^^^^^^^
  File "/home/daehyung/.local/share/virtualenvs/MetricCollector-H3u2PS46/lib/python3.12/site-packages/urllib3/connection.py", line 254, in _new_conn
    raise NewConnectionError(
urllib3.exceptions.NewConnectionError: HTTPConnection(host='127.0.0.1', port=8181): Failed to establish a new connection: [Errno 111] Connection refused
2026-10-09 16:00:02,202 ERROR __main__: Error in metrics daemon: HTTPConnection(host='127.0.0.1', port=8181): Failed to establish a new connection: [Errno 111] Connection refused
Traceback (most recent call last):
  File "/home/daehyung/.local/share/virtualenvs/MetricCollector-H3u2PS46/lib/python3.12/site-packages/urllib3/connection.py", line 239, in _new_conn
    sock = connection.create_connection(
           ^^^^^^^^^^^^^^^^^^^^^^^^^^^^^
  File "/home/daehyung/.local/share/virtualenvs/MetricCollector-H3u2PS46/lib/python3.12/site-packages/urllib3/util/connection.py", line 85, in create_connection
    raise err
  File "/home/daehyung/.local/share/virtualenvs/MetricCollector-H3u2PS46/lib/python3.12/site-packages/urllib3/util/connection.py", line 73, in create_connection
    sock.connect(sa)
ConnectionRefusedError: [Errno 111] Connection refused

The above exception was the direct cause of the following exception:

Traceback (most recent call last):
  File "/home/daehyung/Study/1.PROJECTS/MetricCollector/src/main.py", line 142, in main
    client.write(points)
  File "/home/daehyung/.local/share/virtualenvs/MetricCollector-H3u2PS46/lib/python3.12/site-packages/influxdb_client_3/__init__.py", line 487, in write
    return self._write_api.write(bucket=database, record=record, **kwargs)
           ^^^^^^^^^^^^^^^^^^^^^^^^^^^^^^^^^^^^^^^^^^^^^^^^^^^^^^^^^^^^^^^
  File "/home/daehyung/.local/share/virtualenvs/MetricCollector-H3u2PS46/lib/python3.12/site-packages/influxdb_client_3/write_client/client/write_api.py", line 430, in write
    results = list(map(write_payload, payloads.items()))
              ^^^^^^^^^^^^^^^^^^^^^^^^^^^^^^^^^^^^^^^^^^
  File "/home/daehyung/.local/share/virtualenvs/MetricCollector-H3u2PS46/lib/python3.12/site-packages/influxdb_client_3/write_client/client/write_api.py", line 427, in write_payload
    return self._post_write(_async_req, bucket, org, final_string, payload[0], no_sync,
           ^^^^^^^^^^^^^^^^^^^^^^^^^^^^^^^^^^^^^^^^^^^^^^^^^^^^^^^^^^^^^^^^^^^^^^^^^^^^
  File "/home/daehyung/.local/share/virtualenvs/MetricCollector-H3u2PS46/lib/python3.12/site-packages/influxdb_client_3/write_client/client/write_api.py", line 705, in _post_write
    result = self.call_api(
             ^^^^^^^^^^^^^^
  File "/home/daehyung/.local/share/virtualenvs/MetricCollector-H3u2PS46/lib/python3.12/site-packages/influxdb_client_3/write_client/client/write_api.py", line 513, in call_api
    return self._call_api(resource_path, method,
           ^^^^^^^^^^^^^^^^^^^^^^^^^^^^^^^^^^^^^
  File "/home/daehyung/.local/share/virtualenvs/MetricCollector-H3u2PS46/lib/python3.12/site-packages/influxdb_client_3/write_client/client/write_api.py", line 762, in _call_api
    response_data = self.rest_client.request(
                    ^^^^^^^^^^^^^^^^^^^^^^^^^
  File "/home/daehyung/.local/share/virtualenvs/MetricCollector-H3u2PS46/lib/python3.12/site-packages/influxdb_client_3/write_client/_sync/rest_client.py", line 166, in request
    r = self.pool_manager.request(
        ^^^^^^^^^^^^^^^^^^^^^^^^^^
  File "/home/daehyung/.local/share/virtualenvs/MetricCollector-H3u2PS46/lib/python3.12/site-packages/urllib3/_request_methods.py", line 143, in request
    return self.request_encode_body(
           ^^^^^^^^^^^^^^^^^^^^^^^^^
  File "/home/daehyung/.local/share/virtualenvs/MetricCollector-H3u2PS46/lib/python3.12/site-packages/urllib3/_request_methods.py", line 278, in request_encode_body
    return self.urlopen(method, url, **extra_kw)
           ^^^^^^^^^^^^^^^^^^^^^^^^^^^^^^^^^^^^^
  File "/home/daehyung/.local/share/virtualenvs/MetricCollector-H3u2PS46/lib/python3.12/site-packages/urllib3/poolmanager.py", line 459, in urlopen
    response = conn.urlopen(method, u.request_uri, **kw)
               ^^^^^^^^^^^^^^^^^^^^^^^^^^^^^^^^^^^^^^^^^
  File "/home/daehyung/.local/share/virtualenvs/MetricCollector-H3u2PS46/lib/python3.12/site-packages/urllib3/connectionpool.py", line 847, in urlopen
    retries = retries.increment(
              ^^^^^^^^^^^^^^^^^^
  File "/home/daehyung/.local/share/virtualenvs/MetricCollector-H3u2PS46/lib/python3.12/site-packages/urllib3/util/retry.py", line 485, in increment
    raise reraise(type(error), error, _stacktrace)
          ^^^^^^^^^^^^^^^^^^^^^^^^^^^^^^^^^^^^^^^^
  File "/home/daehyung/.local/share/virtualenvs/MetricCollector-H3u2PS46/lib/python3.12/site-packages/urllib3/util/util.py", line 39, in reraise
    raise value
  File "/home/daehyung/.local/share/virtualenvs/MetricCollector-H3u2PS46/lib/python3.12/site-packages/urllib3/connectionpool.py", line 793, in urlopen
    response = self._make_request(
               ^^^^^^^^^^^^^^^^^^^
  File "/home/daehyung/.local/share/virtualenvs/MetricCollector-H3u2PS46/lib/python3.12/site-packages/urllib3/connectionpool.py", line 499, in _make_request
    conn.request(
  File "/home/daehyung/.local/share/virtualenvs/MetricCollector-H3u2PS46/lib/python3.12/site-packages/urllib3/connection.py", line 567, in request
    self.endheaders()
  File "/home/daehyung/.local/share/mise/installs/python/3.12.12/lib/python3.12/http/client.py", line 1333, in endheaders
    self._send_output(message_body, encode_chunked=encode_chunked)
  File "/home/daehyung/.local/share/mise/installs/python/3.12.12/lib/python3.12/http/client.py", line 1093, in _send_output
    self.send(msg)
  File "/home/daehyung/.local/share/mise/installs/python/3.12.12/lib/python3.12/http/client.py", line 1037, in send
    self.connect()
  File "/home/daehyung/.local/share/virtualenvs/MetricCollector-H3u2PS46/lib/python3.12/site-packages/urllib3/connection.py", line 398, in connect
    self.sock = self._new_conn()
                ^^^^^^^^^^^^^^^^
  File "/home/daehyung/.local/share/virtualenvs/MetricCollector-H3u2PS46/lib/python3.12/site-packages/urllib3/connection.py", line 254, in _new_conn
    raise NewConnectionError(
urllib3.exceptions.NewConnectionError: HTTPConnection(host='127.0.0.1', port=8181): Failed to establish a new connection: [Errno 111] Connection refused
2026-10-09 16:00:12,217 ERROR __main__: Error in metrics daemon: HTTPConnection(host='127.0.0.1', port=8181): Failed to establish a new connection: [Errno 111] Connection refused
Traceback (most recent call last):
  File "/home/daehyung/.local/share/virtualenvs/MetricCollector-H3u2PS46/lib/python3.12/site-packages/urllib3/connection.py", line 239, in _new_conn
    sock = connection.create_connection(
           ^^^^^^^^^^^^^^^^^^^^^^^^^^^^^
  File "/home/daehyung/.local/share/virtualenvs/MetricCollector-H3u2PS46/lib/python3.12/site-packages/urllib3/util/connection.py", line 85, in create_connection
    raise err
  File "/home/daehyung/.local/share/virtualenvs/MetricCollector-H3u2PS46/lib/python3.12/site-packages/urllib3/util/connection.py", line 73, in create_connection
    sock.connect(sa)
ConnectionRefusedError: [Errno 111] Connection refused

The above exception was the direct cause of the following exception:

Traceback (most recent call last):
  File "/home/daehyung/Study/1.PROJECTS/MetricCollector/src/main.py", line 142, in main
    client.write(points)
  File "/home/daehyung/.local/share/virtualenvs/MetricCollector-H3u2PS46/lib/python3.12/site-packages/influxdb_client_3/__init__.py", line 487, in write
    return self._write_api.write(bucket=database, record=record, **kwargs)
           ^^^^^^^^^^^^^^^^^^^^^^^^^^^^^^^^^^^^^^^^^^^^^^^^^^^^^^^^^^^^^^^
  File "/home/daehyung/.local/share/virtualenvs/MetricCollector-H3u2PS46/lib/python3.12/site-packages/influxdb_client_3/write_client/client/write_api.py", line 430, in write
    results = list(map(write_payload, payloads.items()))
              ^^^^^^^^^^^^^^^^^^^^^^^^^^^^^^^^^^^^^^^^^^
  File "/home/daehyung/.local/share/virtualenvs/MetricCollector-H3u2PS46/lib/python3.12/site-packages/influxdb_client_3/write_client/client/write_api.py", line 427, in write_payload
    return self._post_write(_async_req, bucket, org, final_string, payload[0], no_sync,
           ^^^^^^^^^^^^^^^^^^^^^^^^^^^^^^^^^^^^^^^^^^^^^^^^^^^^^^^^^^^^^^^^^^^^^^^^^^^^
  File "/home/daehyung/.local/share/virtualenvs/MetricCollector-H3u2PS46/lib/python3.12/site-packages/influxdb_client_3/write_client/client/write_api.py", line 705, in _post_write
    result = self.call_api(
             ^^^^^^^^^^^^^^
  File "/home/daehyung/.local/share/virtualenvs/MetricCollector-H3u2PS46/lib/python3.12/site-packages/influxdb_client_3/write_client/client/write_api.py", line 513, in call_api
    return self._call_api(resource_path, method,
           ^^^^^^^^^^^^^^^^^^^^^^^^^^^^^^^^^^^^^
  File "/home/daehyung/.local/share/virtualenvs/MetricCollector-H3u2PS46/lib/python3.12/site-packages/influxdb_client_3/write_client/client/write_api.py", line 762, in _call_api
    response_data = self.rest_client.request(
                    ^^^^^^^^^^^^^^^^^^^^^^^^^
  File "/home/daehyung/.local/share/virtualenvs/MetricCollector-H3u2PS46/lib/python3.12/site-packages/influxdb_client_3/write_client/_sync/rest_client.py", line 166, in request
    r = self.pool_manager.request(
        ^^^^^^^^^^^^^^^^^^^^^^^^^^
  File "/home/daehyung/.local/share/virtualenvs/MetricCollector-H3u2PS46/lib/python3.12/site-packages/urllib3/_request_methods.py", line 143, in request
    return self.request_encode_body(
           ^^^^^^^^^^^^^^^^^^^^^^^^^
  File "/home/daehyung/.local/share/virtualenvs/MetricCollector-H3u2PS46/lib/python3.12/site-packages/urllib3/_request_methods.py", line 278, in request_encode_body
    return self.urlopen(method, url, **extra_kw)
           ^^^^^^^^^^^^^^^^^^^^^^^^^^^^^^^^^^^^^
  File "/home/daehyung/.local/share/virtualenvs/MetricCollector-H3u2PS46/lib/python3.12/site-packages/urllib3/poolmanager.py", line 459, in urlopen
    response = conn.urlopen(method, u.request_uri, **kw)
               ^^^^^^^^^^^^^^^^^^^^^^^^^^^^^^^^^^^^^^^^^
  File "/home/daehyung/.local/share/virtualenvs/MetricCollector-H3u2PS46/lib/python3.12/site-packages/urllib3/connectionpool.py", line 847, in urlopen
    retries = retries.increment(
              ^^^^^^^^^^^^^^^^^^
  File "/home/daehyung/.local/share/virtualenvs/MetricCollector-H3u2PS46/lib/python3.12/site-packages/urllib3/util/retry.py", line 485, in increment
    raise reraise(type(error), error, _stacktrace)
          ^^^^^^^^^^^^^^^^^^^^^^^^^^^^^^^^^^^^^^^^
  File "/home/daehyung/.local/share/virtualenvs/MetricCollector-H3u2PS46/lib/python3.12/site-packages/urllib3/util/util.py", line 39, in reraise
    raise value
  File "/home/daehyung/.local/share/virtualenvs/MetricCollector-H3u2PS46/lib/python3.12/site-packages/urllib3/connectionpool.py", line 793, in urlopen
    response = self._make_request(
               ^^^^^^^^^^^^^^^^^^^
  File "/home/daehyung/.local/share/virtualenvs/MetricCollector-H3u2PS46/lib/python3.12/site-packages/urllib3/connectionpool.py", line 499, in _make_request
    conn.request(
  File "/home/daehyung/.local/share/virtualenvs/MetricCollector-H3u2PS46/lib/python3.12/site-packages/urllib3/connection.py", line 567, in request
    self.endheaders()
  File "/home/daehyung/.local/share/mise/installs/python/3.12.12/lib/python3.12/http/client.py", line 1333, in endheaders
    self._send_output(message_body, encode_chunked=encode_chunked)
  File "/home/daehyung/.local/share/mise/installs/python/3.12.12/lib/python3.12/http/client.py", line 1093, in _send_output
    self.send(msg)
  File "/home/daehyung/.local/share/mise/installs/python/3.12.12/lib/python3.12/http/client.py", line 1037, in send
    self.connect()
  File "/home/daehyung/.local/share/virtualenvs/MetricCollector-H3u2PS46/lib/python3.12/site-packages/urllib3/connection.py", line 398, in connect
    self.sock = self._new_conn()
                ^^^^^^^^^^^^^^^^
  File "/home/daehyung/.local/share/virtualenvs/MetricCollector-H3u2PS46/lib/python3.12/site-packages/urllib3/connection.py", line 254, in _new_conn
    raise NewConnectionError(
urllib3.exceptions.NewConnectionError: HTTPConnection(host='127.0.0.1', port=8181): Failed to establish a new connection: [Errno 111] Connection refused
2026-10-09 16:00:22,232 ERROR __main__: Error in metrics daemon: HTTPConnection(host='127.0.0.1', port=8181): Failed to establish a new connection: [Errno 111] Connection refused
Traceback (most recent call last):
  File "/home/daehyung/.local/share/virtualenvs/MetricCollector-H3u2PS46/lib/python3.12/site-packages/urllib3/connection.py", line 239, in _new_conn
    sock = connection.create_connection(
           ^^^^^^^^^^^^^^^^^^^^^^^^^^^^^
  File "/home/daehyung/.local/share/virtualenvs/MetricCollector-H3u2PS46/lib/python3.12/site-packages/urllib3/util/connection.py", line 85, in create_connection
    raise err
  File "/home/daehyung/.local/share/virtualenvs/MetricCollector-H3u2PS46/lib/python3.12/site-packages/urllib3/util/connection.py", line 73, in create_connection
    sock.connect(sa)
ConnectionRefusedError: [Errno 111] Connection refused

The above exception was the direct cause of the following exception:

Traceback (most recent call last):
  File "/home/daehyung/Study/1.PROJECTS/MetricCollector/src/main.py", line 142, in main
    client.write(points)
  File "/home/daehyung/.local/share/virtualenvs/MetricCollector-H3u2PS46/lib/python3.12/site-packages/influxdb_client_3/__init__.py", line 487, in write
    return self._write_api.write(bucket=database, record=record, **kwargs)
           ^^^^^^^^^^^^^^^^^^^^^^^^^^^^^^^^^^^^^^^^^^^^^^^^^^^^^^^^^^^^^^^
  File "/home/daehyung/.local/share/virtualenvs/MetricCollector-H3u2PS46/lib/python3.12/site-packages/influxdb_client_3/write_client/client/write_api.py", line 430, in write
    results = list(map(write_payload, payloads.items()))
              ^^^^^^^^^^^^^^^^^^^^^^^^^^^^^^^^^^^^^^^^^^
  File "/home/daehyung/.local/share/virtualenvs/MetricCollector-H3u2PS46/lib/python3.12/site-packages/influxdb_client_3/write_client/client/write_api.py", line 427, in write_payload
    return self._post_write(_async_req, bucket, org, final_string, payload[0], no_sync,
           ^^^^^^^^^^^^^^^^^^^^^^^^^^^^^^^^^^^^^^^^^^^^^^^^^^^^^^^^^^^^^^^^^^^^^^^^^^^^
  File "/home/daehyung/.local/share/virtualenvs/MetricCollector-H3u2PS46/lib/python3.12/site-packages/influxdb_client_3/write_client/client/write_api.py", line 705, in _post_write
    result = self.call_api(
             ^^^^^^^^^^^^^^
  File "/home/daehyung/.local/share/virtualenvs/MetricCollector-H3u2PS46/lib/python3.12/site-packages/influxdb_client_3/write_client/client/write_api.py", line 513, in call_api
    return self._call_api(resource_path, method,
           ^^^^^^^^^^^^^^^^^^^^^^^^^^^^^^^^^^^^^
  File "/home/daehyung/.local/share/virtualenvs/MetricCollector-H3u2PS46/lib/python3.12/site-packages/influxdb_client_3/write_client/client/write_api.py", line 762, in _call_api
    response_data = self.rest_client.request(
                    ^^^^^^^^^^^^^^^^^^^^^^^^^
  File "/home/daehyung/.local/share/virtualenvs/MetricCollector-H3u2PS46/lib/python3.12/site-packages/influxdb_client_3/write_client/_sync/rest_client.py", line 166, in request
    r = self.pool_manager.request(
        ^^^^^^^^^^^^^^^^^^^^^^^^^^
  File "/home/daehyung/.local/share/virtualenvs/MetricCollector-H3u2PS46/lib/python3.12/site-packages/urllib3/_request_methods.py", line 143, in request
    return self.request_encode_body(
           ^^^^^^^^^^^^^^^^^^^^^^^^^
  File "/home/daehyung/.local/share/virtualenvs/MetricCollector-H3u2PS46/lib/python3.12/site-packages/urllib3/_request_methods.py", line 278, in request_encode_body
    return self.urlopen(method, url, **extra_kw)
           ^^^^^^^^^^^^^^^^^^^^^^^^^^^^^^^^^^^^^
  File "/home/daehyung/.local/share/virtualenvs/MetricCollector-H3u2PS46/lib/python3.12/site-packages/urllib3/poolmanager.py", line 459, in urlopen
    response = conn.urlopen(method, u.request_uri, **kw)
               ^^^^^^^^^^^^^^^^^^^^^^^^^^^^^^^^^^^^^^^^^
  File "/home/daehyung/.local/share/virtualenvs/MetricCollector-H3u2PS46/lib/python3.12/site-packages/urllib3/connectionpool.py", line 847, in urlopen
    retries = retries.increment(
              ^^^^^^^^^^^^^^^^^^
  File "/home/daehyung/.local/share/virtualenvs/MetricCollector-H3u2PS46/lib/python3.12/site-packages/urllib3/util/retry.py", line 485, in increment
    raise reraise(type(error), error, _stacktrace)
          ^^^^^^^^^^^^^^^^^^^^^^^^^^^^^^^^^^^^^^^^
  File "/home/daehyung/.local/share/virtualenvs/MetricCollector-H3u2PS46/lib/python3.12/site-packages/urllib3/util/util.py", line 39, in reraise
    raise value
  File "/home/daehyung/.local/share/virtualenvs/MetricCollector-H3u2PS46/lib/python3.12/site-packages/urllib3/connectionpool.py", line 793, in urlopen
    response = self._make_request(
               ^^^^^^^^^^^^^^^^^^^
  File "/home/daehyung/.local/share/virtualenvs/MetricCollector-H3u2PS46/lib/python3.12/site-packages/urllib3/connectionpool.py", line 499, in _make_request
    conn.request(
  File "/home/daehyung/.local/share/virtualenvs/MetricCollector-H3u2PS46/lib/python3.12/site-packages/urllib3/connection.py", line 567, in request
    self.endheaders()
  File "/home/daehyung/.local/share/mise/installs/python/3.12.12/lib/python3.12/http/client.py", line 1333, in endheaders
    self._send_output(message_body, encode_chunked=encode_chunked)
  File "/home/daehyung/.local/share/mise/installs/python/3.12.12/lib/python3.12/http/client.py", line 1093, in _send_output
    self.send(msg)
  File "/home/daehyung/.local/share/mise/installs/python/3.12.12/lib/python3.12/http/client.py", line 1037, in send
    self.connect()
  File "/home/daehyung/.local/share/virtualenvs/MetricCollector-H3u2PS46/lib/python3.12/site-packages/urllib3/connection.py", line 398, in connect
    self.sock = self._new_conn()
                ^^^^^^^^^^^^^^^^
  File "/home/daehyung/.local/share/virtualenvs/MetricCollector-H3u2PS46/lib/python3.12/site-packages/urllib3/connection.py", line 254, in _new_conn
    raise NewConnectionError(
urllib3.exceptions.NewConnectionError: HTTPConnection(host='127.0.0.1', port=8181): Failed to establish a new connection: [Errno 111] Connection refused
2026-10-09 16:00:32,246 ERROR __main__: Error in metrics daemon: HTTPConnection(host='127.0.0.1', port=8181): Failed to establish a new connection: [Errno 111] Connection refused
Traceback (most recent call last):
  File "/home/daehyung/.local/share/virtualenvs/MetricCollector-H3u2PS46/lib/python3.12/site-packages/urllib3/connection.py", line 239, in _new_conn
    sock = connection.create_connection(
           ^^^^^^^^^^^^^^^^^^^^^^^^^^^^^
  File "/home/daehyung/.local/share/virtualenvs/MetricCollector-H3u2PS46/lib/python3.12/site-packages/urllib3/util/connection.py", line 85, in create_connection
    raise err
  File "/home/daehyung/.local/share/virtualenvs/MetricCollector-H3u2PS46/lib/python3.12/site-packages/urllib3/util/connection.py", line 73, in create_connection
    sock.connect(sa)
ConnectionRefusedError: [Errno 111] Connection refused

The above exception was the direct cause of the following exception:

Traceback (most recent call last):
  File "/home/daehyung/Study/1.PROJECTS/MetricCollector/src/main.py", line 142, in main
    client.write(points)
  File "/home/daehyung/.local/share/virtualenvs/MetricCollector-H3u2PS46/lib/python3.12/site-packages/influxdb_client_3/__init__.py", line 487, in write
    return self._write_api.write(bucket=database, record=record, **kwargs)
           ^^^^^^^^^^^^^^^^^^^^^^^^^^^^^^^^^^^^^^^^^^^^^^^^^^^^^^^^^^^^^^^
  File "/home/daehyung/.local/share/virtualenvs/MetricCollector-H3u2PS46/lib/python3.12/site-packages/influxdb_client_3/write_client/client/write_api.py", line 430, in write
    results = list(map(write_payload, payloads.items()))
              ^^^^^^^^^^^^^^^^^^^^^^^^^^^^^^^^^^^^^^^^^^
  File "/home/daehyung/.local/share/virtualenvs/MetricCollector-H3u2PS46/lib/python3.12/site-packages/influxdb_client_3/write_client/client/write_api.py", line 427, in write_payload
    return self._post_write(_async_req, bucket, org, final_string, payload[0], no_sync,
           ^^^^^^^^^^^^^^^^^^^^^^^^^^^^^^^^^^^^^^^^^^^^^^^^^^^^^^^^^^^^^^^^^^^^^^^^^^^^
  File "/home/daehyung/.local/share/virtualenvs/MetricCollector-H3u2PS46/lib/python3.12/site-packages/influxdb_client_3/write_client/client/write_api.py", line 705, in _post_write
    result = self.call_api(
             ^^^^^^^^^^^^^^
  File "/home/daehyung/.local/share/virtualenvs/MetricCollector-H3u2PS46/lib/python3.12/site-packages/influxdb_client_3/write_client/client/write_api.py", line 513, in call_api
    return self._call_api(resource_path, method,
           ^^^^^^^^^^^^^^^^^^^^^^^^^^^^^^^^^^^^^
  File "/home/daehyung/.local/share/virtualenvs/MetricCollector-H3u2PS46/lib/python3.12/site-packages/influxdb_client_3/write_client/client/write_api.py", line 762, in _call_api
    response_data = self.rest_client.request(
                    ^^^^^^^^^^^^^^^^^^^^^^^^^
  File "/home/daehyung/.local/share/virtualenvs/MetricCollector-H3u2PS46/lib/python3.12/site-packages/influxdb_client_3/write_client/_sync/rest_client.py", line 166, in request
    r = self.pool_manager.request(
        ^^^^^^^^^^^^^^^^^^^^^^^^^^
  File "/home/daehyung/.local/share/virtualenvs/MetricCollector-H3u2PS46/lib/python3.12/site-packages/urllib3/_request_methods.py", line 143, in request
    return self.request_encode_body(
           ^^^^^^^^^^^^^^^^^^^^^^^^^
  File "/home/daehyung/.local/share/virtualenvs/MetricCollector-H3u2PS46/lib/python3.12/site-packages/urllib3/_request_methods.py", line 278, in request_encode_body
    return self.urlopen(method, url, **extra_kw)
           ^^^^^^^^^^^^^^^^^^^^^^^^^^^^^^^^^^^^^
  File "/home/daehyung/.local/share/virtualenvs/MetricCollector-H3u2PS46/lib/python3.12/site-packages/urllib3/poolmanager.py", line 459, in urlopen
    response = conn.urlopen(method, u.request_uri, **kw)
               ^^^^^^^^^^^^^^^^^^^^^^^^^^^^^^^^^^^^^^^^^
  File "/home/daehyung/.local/share/virtualenvs/MetricCollector-H3u2PS46/lib/python3.12/site-packages/urllib3/connectionpool.py", line 847, in urlopen
    retries = retries.increment(
              ^^^^^^^^^^^^^^^^^^
  File "/home/daehyung/.local/share/virtualenvs/MetricCollector-H3u2PS46/lib/python3.12/site-packages/urllib3/util/retry.py", line 485, in increment
    raise reraise(type(error), error, _stacktrace)
          ^^^^^^^^^^^^^^^^^^^^^^^^^^^^^^^^^^^^^^^^
  File "/home/daehyung/.local/share/virtualenvs/MetricCollector-H3u2PS46/lib/python3.12/site-packages/urllib3/util/util.py", line 39, in reraise
    raise value
  File "/home/daehyung/.local/share/virtualenvs/MetricCollector-H3u2PS46/lib/python3.12/site-packages/urllib3/connectionpool.py", line 793, in urlopen
    response = self._make_request(
               ^^^^^^^^^^^^^^^^^^^
  File "/home/daehyung/.local/share/virtualenvs/MetricCollector-H3u2PS46/lib/python3.12/site-packages/urllib3/connectionpool.py", line 499, in _make_request
    conn.request(
  File "/home/daehyung/.local/share/virtualenvs/MetricCollector-H3u2PS46/lib/python3.12/site-packages/urllib3/connection.py", line 567, in request
    self.endheaders()
  File "/home/daehyung/.local/share/mise/installs/python/3.12.12/lib/python3.12/http/client.py", line 1333, in endheaders
    self._send_output(message_body, encode_chunked=encode_chunked)
  File "/home/daehyung/.local/share/mise/installs/python/3.12.12/lib/python3.12/http/client.py", line 1093, in _send_output
    self.send(msg)
  File "/home/daehyung/.local/share/mise/installs/python/3.12.12/lib/python3.12/http/client.py", line 1037, in send
    self.connect()
  File "/home/daehyung/.local/share/virtualenvs/MetricCollector-H3u2PS46/lib/python3.12/site-packages/urllib3/connection.py", line 398, in connect
    self.sock = self._new_conn()
                ^^^^^^^^^^^^^^^^
  File "/home/daehyung/.local/share/virtualenvs/MetricCollector-H3u2PS46/lib/python3.12/site-packages/urllib3/connection.py", line 254, in _new_conn
    raise NewConnectionError(
urllib3.exceptions.NewConnectionError: HTTPConnection(host='127.0.0.1', port=8181): Failed to establish a new connection: [Errno 111] Connection refused
2026-10-09 16:00:42,261 ERROR __main__: Error in metrics daemon: HTTPConnection(host='127.0.0.1', port=8181): Failed to establish a new connection: [Errno 111] Connection refused
Traceback (most recent call last):
  File "/home/daehyung/.local/share/virtualenvs/MetricCollector-H3u2PS46/lib/python3.12/site-packages/urllib3/connection.py", line 239, in _new_conn
    sock = connection.create_connection(
           ^^^^^^^^^^^^^^^^^^^^^^^^^^^^^
  File "/home/daehyung/.local/share/virtualenvs/MetricCollector-H3u2PS46/lib/python3.12/site-packages/urllib3/util/connection.py", line 85, in create_connection
    raise err
  File "/home/daehyung/.local/share/virtualenvs/MetricCollector-H3u2PS46/lib/python3.12/site-packages/urllib3/util/connection.py", line 73, in create_connection
    sock.connect(sa)
ConnectionRefusedError: [Errno 111] Connection refused

The above exception was the direct cause of the following exception:

Traceback (most recent call last):
  File "/home/daehyung/Study/1.PROJECTS/MetricCollector/src/main.py", line 142, in main
    client.write(points)
  File "/home/daehyung/.local/share/virtualenvs/MetricCollector-H3u2PS46/lib/python3.12/site-packages/influxdb_client_3/__init__.py", line 487, in write
    return self._write_api.write(bucket=database, record=record, **kwargs)
           ^^^^^^^^^^^^^^^^^^^^^^^^^^^^^^^^^^^^^^^^^^^^^^^^^^^^^^^^^^^^^^^
  File "/home/daehyung/.local/share/virtualenvs/MetricCollector-H3u2PS46/lib/python3.12/site-packages/influxdb_client_3/write_client/client/write_api.py", line 430, in write
    results = list(map(write_payload, payloads.items()))
              ^^^^^^^^^^^^^^^^^^^^^^^^^^^^^^^^^^^^^^^^^^
  File "/home/daehyung/.local/share/virtualenvs/MetricCollector-H3u2PS46/lib/python3.12/site-packages/influxdb_client_3/write_client/client/write_api.py", line 427, in write_payload
    return self._post_write(_async_req, bucket, org, final_string, payload[0], no_sync,
           ^^^^^^^^^^^^^^^^^^^^^^^^^^^^^^^^^^^^^^^^^^^^^^^^^^^^^^^^^^^^^^^^^^^^^^^^^^^^
  File "/home/daehyung/.local/share/virtualenvs/MetricCollector-H3u2PS46/lib/python3.12/site-packages/influxdb_client_3/write_client/client/write_api.py", line 705, in _post_write
    result = self.call_api(
             ^^^^^^^^^^^^^^
  File "/home/daehyung/.local/share/virtualenvs/MetricCollector-H3u2PS46/lib/python3.12/site-packages/influxdb_client_3/write_client/client/write_api.py", line 513, in call_api
    return self._call_api(resource_path, method,
           ^^^^^^^^^^^^^^^^^^^^^^^^^^^^^^^^^^^^^
  File "/home/daehyung/.local/share/virtualenvs/MetricCollector-H3u2PS46/lib/python3.12/site-packages/influxdb_client_3/write_client/client/write_api.py", line 762, in _call_api
    response_data = self.rest_client.request(
                    ^^^^^^^^^^^^^^^^^^^^^^^^^
  File "/home/daehyung/.local/share/virtualenvs/MetricCollector-H3u2PS46/lib/python3.12/site-packages/influxdb_client_3/write_client/_sync/rest_client.py", line 166, in request
    r = self.pool_manager.request(
        ^^^^^^^^^^^^^^^^^^^^^^^^^^
  File "/home/daehyung/.local/share/virtualenvs/MetricCollector-H3u2PS46/lib/python3.12/site-packages/urllib3/_request_methods.py", line 143, in request
    return self.request_encode_body(
           ^^^^^^^^^^^^^^^^^^^^^^^^^
  File "/home/daehyung/.local/share/virtualenvs/MetricCollector-H3u2PS46/lib/python3.12/site-packages/urllib3/_request_methods.py", line 278, in request_encode_body
    return self.urlopen(method, url, **extra_kw)
           ^^^^^^^^^^^^^^^^^^^^^^^^^^^^^^^^^^^^^
  File "/home/daehyung/.local/share/virtualenvs/MetricCollector-H3u2PS46/lib/python3.12/site-packages/urllib3/poolmanager.py", line 459, in urlopen
    response = conn.urlopen(method, u.request_uri, **kw)
               ^^^^^^^^^^^^^^^^^^^^^^^^^^^^^^^^^^^^^^^^^
  File "/home/daehyung/.local/share/virtualenvs/MetricCollector-H3u2PS46/lib/python3.12/site-packages/urllib3/connectionpool.py", line 847, in urlopen
    retries = retries.increment(
              ^^^^^^^^^^^^^^^^^^
  File "/home/daehyung/.local/share/virtualenvs/MetricCollector-H3u2PS46/lib/python3.12/site-packages/urllib3/util/retry.py", line 485, in increment
    raise reraise(type(error), error, _stacktrace)
          ^^^^^^^^^^^^^^^^^^^^^^^^^^^^^^^^^^^^^^^^
  File "/home/daehyung/.local/share/virtualenvs/MetricCollector-H3u2PS46/lib/python3.12/site-packages/urllib3/util/util.py", line 39, in reraise
    raise value
  File "/home/daehyung/.local/share/virtualenvs/MetricCollector-H3u2PS46/lib/python3.12/site-packages/urllib3/connectionpool.py", line 793, in urlopen
    response = self._make_request(
               ^^^^^^^^^^^^^^^^^^^
  File "/home/daehyung/.local/share/virtualenvs/MetricCollector-H3u2PS46/lib/python3.12/site-packages/urllib3/connectionpool.py", line 499, in _make_request
    conn.request(
  File "/home/daehyung/.local/share/virtualenvs/MetricCollector-H3u2PS46/lib/python3.12/site-packages/urllib3/connection.py", line 567, in request
    self.endheaders()
  File "/home/daehyung/.local/share/mise/installs/python/3.12.12/lib/python3.12/http/client.py", line 1333, in endheaders
    self._send_output(message_body, encode_chunked=encode_chunked)
  File "/home/daehyung/.local/share/mise/installs/python/3.12.12/lib/python3.12/http/client.py", line 1093, in _send_output
    self.send(msg)
  File "/home/daehyung/.local/share/mise/installs/python/3.12.12/lib/python3.12/http/client.py", line 1037, in send
    self.connect()
  File "/home/daehyung/.local/share/virtualenvs/MetricCollector-H3u2PS46/lib/python3.12/site-packages/urllib3/connection.py", line 398, in connect
    self.sock = self._new_conn()
                ^^^^^^^^^^^^^^^^
  File "/home/daehyung/.local/share/virtualenvs/MetricCollector-H3u2PS46/lib/python3.12/site-packages/urllib3/connection.py", line 254, in _new_conn
    raise NewConnectionError(
urllib3.exceptions.NewConnectionError: HTTPConnection(host='127.0.0.1', port=8181): Failed to establish a new connection: [Errno 111] Connection refused
2026-10-09 16:00:52,276 ERROR __main__: Error in metrics daemon: HTTPConnection(host='127.0.0.1', port=8181): Failed to establish a new connection: [Errno 111] Connection refused
Traceback (most recent call last):
  File "/home/daehyung/.local/share/virtualenvs/MetricCollector-H3u2PS46/lib/python3.12/site-packages/urllib3/connection.py", line 239, in _new_conn
    sock = connection.create_connection(
           ^^^^^^^^^^^^^^^^^^^^^^^^^^^^^
  File "/home/daehyung/.local/share/virtualenvs/MetricCollector-H3u2PS46/lib/python3.12/site-packages/urllib3/util/connection.py", line 85, in create_connection
    raise err
  File "/home/daehyung/.local/share/virtualenvs/MetricCollector-H3u2PS46/lib/python3.12/site-packages/urllib3/util/connection.py", line 73, in create_connection
    sock.connect(sa)
ConnectionRefusedError: [Errno 111] Connection refused

The above exception was the direct cause of the following exception:

Traceback (most recent call last):
  File "/home/daehyung/Study/1.PROJECTS/MetricCollector/src/main.py", line 142, in main
    client.write(points)
  File "/home/daehyung/.local/share/virtualenvs/MetricCollector-H3u2PS46/lib/python3.12/site-packages/influxdb_client_3/__init__.py", line 487, in write
    return self._write_api.write(bucket=database, record=record, **kwargs)
           ^^^^^^^^^^^^^^^^^^^^^^^^^^^^^^^^^^^^^^^^^^^^^^^^^^^^^^^^^^^^^^^
  File "/home/daehyung/.local/share/virtualenvs/MetricCollector-H3u2PS46/lib/python3.12/site-packages/influxdb_client_3/write_client/client/write_api.py", line 430, in write
    results = list(map(write_payload, payloads.items()))
              ^^^^^^^^^^^^^^^^^^^^^^^^^^^^^^^^^^^^^^^^^^
  File "/home/daehyung/.local/share/virtualenvs/MetricCollector-H3u2PS46/lib/python3.12/site-packages/influxdb_client_3/write_client/client/write_api.py", line 427, in write_payload
    return self._post_write(_async_req, bucket, org, final_string, payload[0], no_sync,
           ^^^^^^^^^^^^^^^^^^^^^^^^^^^^^^^^^^^^^^^^^^^^^^^^^^^^^^^^^^^^^^^^^^^^^^^^^^^^
  File "/home/daehyung/.local/share/virtualenvs/MetricCollector-H3u2PS46/lib/python3.12/site-packages/influxdb_client_3/write_client/client/write_api.py", line 705, in _post_write
    result = self.call_api(
             ^^^^^^^^^^^^^^
  File "/home/daehyung/.local/share/virtualenvs/MetricCollector-H3u2PS46/lib/python3.12/site-packages/influxdb_client_3/write_client/client/write_api.py", line 513, in call_api
    return self._call_api(resource_path, method,
           ^^^^^^^^^^^^^^^^^^^^^^^^^^^^^^^^^^^^^
  File "/home/daehyung/.local/share/virtualenvs/MetricCollector-H3u2PS46/lib/python3.12/site-packages/influxdb_client_3/write_client/client/write_api.py", line 762, in _call_api
    response_data = self.rest_client.request(
                    ^^^^^^^^^^^^^^^^^^^^^^^^^
  File "/home/daehyung/.local/share/virtualenvs/MetricCollector-H3u2PS46/lib/python3.12/site-packages/influxdb_client_3/write_client/_sync/rest_client.py", line 166, in request
    r = self.pool_manager.request(
        ^^^^^^^^^^^^^^^^^^^^^^^^^^
  File "/home/daehyung/.local/share/virtualenvs/MetricCollector-H3u2PS46/lib/python3.12/site-packages/urllib3/_request_methods.py", line 143, in request
    return self.request_encode_body(
           ^^^^^^^^^^^^^^^^^^^^^^^^^
  File "/home/daehyung/.local/share/virtualenvs/MetricCollector-H3u2PS46/lib/python3.12/site-packages/urllib3/_request_methods.py", line 278, in request_encode_body
    return self.urlopen(method, url, **extra_kw)
           ^^^^^^^^^^^^^^^^^^^^^^^^^^^^^^^^^^^^^
  File "/home/daehyung/.local/share/virtualenvs/MetricCollector-H3u2PS46/lib/python3.12/site-packages/urllib3/poolmanager.py", line 459, in urlopen
    response = conn.urlopen(method, u.request_uri, **kw)
               ^^^^^^^^^^^^^^^^^^^^^^^^^^^^^^^^^^^^^^^^^
  File "/home/daehyung/.local/share/virtualenvs/MetricCollector-H3u2PS46/lib/python3.12/site-packages/urllib3/connectionpool.py", line 847, in urlopen
    retries = retries.increment(
              ^^^^^^^^^^^^^^^^^^
  File "/home/daehyung/.local/share/virtualenvs/MetricCollector-H3u2PS46/lib/python3.12/site-packages/urllib3/util/retry.py", line 485, in increment
    raise reraise(type(error), error, _stacktrace)
          ^^^^^^^^^^^^^^^^^^^^^^^^^^^^^^^^^^^^^^^^
  File "/home/daehyung/.local/share/virtualenvs/MetricCollector-H3u2PS46/lib/python3.12/site-packages/urllib3/util/util.py", line 39, in reraise
    raise value
  File "/home/daehyung/.local/share/virtualenvs/MetricCollector-H3u2PS46/lib/python3.12/site-packages/urllib3/connectionpool.py", line 793, in urlopen
    response = self._make_request(
               ^^^^^^^^^^^^^^^^^^^
  File "/home/daehyung/.local/share/virtualenvs/MetricCollector-H3u2PS46/lib/python3.12/site-packages/urllib3/connectionpool.py", line 499, in _make_request
    conn.request(
  File "/home/daehyung/.local/share/virtualenvs/MetricCollector-H3u2PS46/lib/python3.12/site-packages/urllib3/connection.py", line 567, in request
    self.endheaders()
  File "/home/daehyung/.local/share/mise/installs/python/3.12.12/lib/python3.12/http/client.py", line 1333, in endheaders
    self._send_output(message_body, encode_chunked=encode_chunked)
  File "/home/daehyung/.local/share/mise/installs/python/3.12.12/lib/python3.12/http/client.py", line 1093, in _send_output
    self.send(msg)
  File "/home/daehyung/.local/share/mise/installs/python/3.12.12/lib/python3.12/http/client.py", line 1037, in send
    self.connect()
  File "/home/daehyung/.local/share/virtualenvs/MetricCollector-H3u2PS46/lib/python3.12/site-packages/urllib3/connection.py", line 398, in connect
    self.sock = self._new_conn()
                ^^^^^^^^^^^^^^^^
  File "/home/daehyung/.local/share/virtualenvs/MetricCollector-H3u2PS46/lib/python3.12/site-packages/urllib3/connection.py", line 254, in _new_conn
    raise NewConnectionError(
urllib3.exceptions.NewConnectionError: HTTPConnection(host='127.0.0.1', port=8181): Failed to establish a new connection: [Errno 111] Connection refused
2026-10-09 16:05:26,163 ERROR __main__: Error in metrics daemon: HTTPConnection(host='127.0.0.1', port=8181): Failed to establish a new connection: [Errno 111] Connection refused
Traceback (most recent call last):
  File "/home/daehyung/.local/share/virtualenvs/MetricCollector-H3u2PS46/lib/python3.12/site-packages/urllib3/connection.py", line 239, in _new_conn
    sock = connection.create_connection(
           ^^^^^^^^^^^^^^^^^^^^^^^^^^^^^
  File "/home/daehyung/.local/share/virtualenvs/MetricCollector-H3u2PS46/lib/python3.12/site-packages/urllib3/util/connection.py", line 85, in create_connection
    raise err
  File "/home/daehyung/.local/share/virtualenvs/MetricCollector-H3u2PS46/lib/python3.12/site-packages/urllib3/util/connection.py", line 73, in create_connection
    sock.connect(sa)
ConnectionRefusedError: [Errno 111] Connection refused

The above exception was the direct cause of the following exception:

Traceback (most recent call last):
  File "/home/daehyung/Study/1.PROJECTS/MetricCollector/src/main.py", line 142, in main
    client.write(points)
  File "/home/daehyung/.local/share/virtualenvs/MetricCollector-H3u2PS46/lib/python3.12/site-packages/influxdb_client_3/__init__.py", line 487, in write
    return self._write_api.write(bucket=database, record=record, **kwargs)
           ^^^^^^^^^^^^^^^^^^^^^^^^^^^^^^^^^^^^^^^^^^^^^^^^^^^^^^^^^^^^^^^
  File "/home/daehyung/.local/share/virtualenvs/MetricCollector-H3u2PS46/lib/python3.12/site-packages/influxdb_client_3/write_client/client/write_api.py", line 430, in write
    results = list(map(write_payload, payloads.items()))
              ^^^^^^^^^^^^^^^^^^^^^^^^^^^^^^^^^^^^^^^^^^
  File "/home/daehyung/.local/share/virtualenvs/MetricCollector-H3u2PS46/lib/python3.12/site-packages/influxdb_client_3/write_client/client/write_api.py", line 427, in write_payload
    return self._post_write(_async_req, bucket, org, final_string, payload[0], no_sync,
           ^^^^^^^^^^^^^^^^^^^^^^^^^^^^^^^^^^^^^^^^^^^^^^^^^^^^^^^^^^^^^^^^^^^^^^^^^^^^
  File "/home/daehyung/.local/share/virtualenvs/MetricCollector-H3u2PS46/lib/python3.12/site-packages/influxdb_client_3/write_client/client/write_api.py", line 705, in _post_write
    result = self.call_api(
             ^^^^^^^^^^^^^^
  File "/home/daehyung/.local/share/virtualenvs/MetricCollector-H3u2PS46/lib/python3.12/site-packages/influxdb_client_3/write_client/client/write_api.py", line 513, in call_api
    return self._call_api(resource_path, method,
           ^^^^^^^^^^^^^^^^^^^^^^^^^^^^^^^^^^^^^
  File "/home/daehyung/.local/share/virtualenvs/MetricCollector-H3u2PS46/lib/python3.12/site-packages/influxdb_client_3/write_client/client/write_api.py", line 762, in _call_api
    response_data = self.rest_client.request(
                    ^^^^^^^^^^^^^^^^^^^^^^^^^
  File "/home/daehyung/.local/share/virtualenvs/MetricCollector-H3u2PS46/lib/python3.12/site-packages/influxdb_client_3/write_client/_sync/rest_client.py", line 166, in request
    r = self.pool_manager.request(
        ^^^^^^^^^^^^^^^^^^^^^^^^^^
  File "/home/daehyung/.local/share/virtualenvs/MetricCollector-H3u2PS46/lib/python3.12/site-packages/urllib3/_request_methods.py", line 143, in request
    return self.request_encode_body(
           ^^^^^^^^^^^^^^^^^^^^^^^^^
  File "/home/daehyung/.local/share/virtualenvs/MetricCollector-H3u2PS46/lib/python3.12/site-packages/urllib3/_request_methods.py", line 278, in request_encode_body
    return self.urlopen(method, url, **extra_kw)
           ^^^^^^^^^^^^^^^^^^^^^^^^^^^^^^^^^^^^^
  File "/home/daehyung/.local/share/virtualenvs/MetricCollector-H3u2PS46/lib/python3.12/site-packages/urllib3/poolmanager.py", line 459, in urlopen
    response = conn.urlopen(method, u.request_uri, **kw)
               ^^^^^^^^^^^^^^^^^^^^^^^^^^^^^^^^^^^^^^^^^
  File "/home/daehyung/.local/share/virtualenvs/MetricCollector-H3u2PS46/lib/python3.12/site-packages/urllib3/connectionpool.py", line 847, in urlopen
    retries = retries.increment(
              ^^^^^^^^^^^^^^^^^^
  File "/home/daehyung/.local/share/virtualenvs/MetricCollector-H3u2PS46/lib/python3.12/site-packages/urllib3/util/retry.py", line 485, in increment
    raise reraise(type(error), error, _stacktrace)
          ^^^^^^^^^^^^^^^^^^^^^^^^^^^^^^^^^^^^^^^^
  File "/home/daehyung/.local/share/virtualenvs/MetricCollector-H3u2PS46/lib/python3.12/site-packages/urllib3/util/util.py", line 39, in reraise
    raise value
  File "/home/daehyung/.local/share/virtualenvs/MetricCollector-H3u2PS46/lib/python3.12/site-packages/urllib3/connectionpool.py", line 793, in urlopen
    response = self._make_request(
               ^^^^^^^^^^^^^^^^^^^
  File "/home/daehyung/.local/share/virtualenvs/MetricCollector-H3u2PS46/lib/python3.12/site-packages/urllib3/connectionpool.py", line 499, in _make_request
    conn.request(
  File "/home/daehyung/.local/share/virtualenvs/MetricCollector-H3u2PS46/lib/python3.12/site-packages/urllib3/connection.py", line 567, in request
    self.endheaders()
  File "/home/daehyung/.local/share/mise/installs/python/3.12.12/lib/python3.12/http/client.py", line 1333, in endheaders
    self._send_output(message_body, encode_chunked=encode_chunked)
  File "/home/daehyung/.local/share/mise/installs/python/3.12.12/lib/python3.12/http/client.py", line 1093, in _send_output
    self.send(msg)
  File "/home/daehyung/.local/share/mise/installs/python/3.12.12/lib/python3.12/http/client.py", line 1037, in send
    self.connect()
  File "/home/daehyung/.local/share/virtualenvs/MetricCollector-H3u2PS46/lib/python3.12/site-packages/urllib3/connection.py", line 398, in connect
    self.sock = self._new_conn()
                ^^^^^^^^^^^^^^^^
  File "/home/daehyung/.local/share/virtualenvs/MetricCollector-H3u2PS46/lib/python3.12/site-packages/urllib3/connection.py", line 254, in _new_conn
    raise NewConnectionError(
urllib3.exceptions.NewConnectionError: HTTPConnection(host='127.0.0.1', port=8181): Failed to establish a new connection: [Errno 111] Connection refused
2026-10-09 16:06:04,471 INFO __main__: Collector stopped.
2026-10-09 16:06:06,593 INFO __main__: Starting collector process...
